// Jest Snapshot v1, https://goo.gl/fbAQLP

exports[`Bearer authentication middleware Can authorize user 1`] = `
Object {
  "email": "tester@test.com",
  "providerData": Object {},
  "uid": "1",
}
`;

exports[`Bearer authentication middleware Invalid token return an error 1`] = `"jwt malformed"`;
